// Jest Snapshot v1, https://goo.gl/fbAQLP

exports[`renders App 1`] = `
<div
  className="App"
>
  <header
    className="App-header"
  >
    <img
      alt="logo"
      className="App-logo"
      src="logo.png"
    />
    <h1
      className="App-title"
    >
      Mosica React
    </h1>
  </header>
  <div
    className="Day"
  >
    DAY A BORRAR1
  </div>
</div>
`;
