// Jest Snapshot v1, https://goo.gl/fbAQLP

exports[`renders Days 1`] = `
<div>
  <h2
    className="ui center aligned header"
  >
    Lunes, 18 de Septiembre
  </h2>
  <div
    className="ui raised segments"
  >
    <div
      className="ui divided link items"
    >
      <div
        className="item"
        onClick={[Function]}
      >
        <div
          className="content"
        >
          <h3
            className="header"
          >
            Anarchy in the JS
          </h3>
          <div
            className="description"
          >
            <span>
              <i
                aria-hidden="true"
                className="red marker icon"
              />
              SCBCN
            </span>
            <span>
              <span>
                <i
                  aria-hidden="true"
                  className="green time icon"
                />
                19:30
                 horas
              </span>
            </span>
          </div>
          <div
            className="extra"
          >
            <span />
            <div>
              <div
                className="ui labeled button"
                onClick={[Function]}
              >
                <button
                  className="ui red mini button"
                  disabled={undefined}
                  tabIndex={0}
                >
                  <i
                    aria-hidden="true"
                    className="heart icon"
                  />
                   
                  Like
                </button>
                <div
                  className="ui red left pointing basic label"
                  onClick={[Function]}
                >
                  723
                </div>
              </div>
            </div>
            <button
              className="ui primary right floated button"
              disabled={undefined}
              onClick={[Function]}
              role="button"
              tabIndex={undefined}
            >
              Buy tickets
              <i
                aria-hidden="true"
                className="right chevron icon"
              />
            </button>
          </div>
        </div>
      </div>
      <div
        className="item"
        onClick={[Function]}
      >
        <div
          className="content"
        >
          <h3
            className="header"
          >
            Anarchy in the Codemotion
          </h3>
          <div
            className="description"
          >
            <span>
              <i
                aria-hidden="true"
                className="red marker icon"
              />
              Around the world
            </span>
            <span>
              <span>
                <i
                  aria-hidden="true"
                  className="green time icon"
                />
                19:30
                 horas
              </span>
            </span>
          </div>
          <div
            className="extra"
          >
            <span />
            <div>
              <div
                className="ui labeled button"
                onClick={[Function]}
              >
                <button
                  className="ui red mini button"
                  disabled={undefined}
                  tabIndex={0}
                >
                  <i
                    aria-hidden="true"
                    className="heart icon"
                  />
                   
                  Like
                </button>
                <div
                  className="ui red left pointing basic label"
                  onClick={[Function]}
                >
                  544
                </div>
              </div>
            </div>
            <button
              className="ui primary right floated button"
              disabled={undefined}
              onClick={[Function]}
              role="button"
              tabIndex={undefined}
            >
              Buy tickets
              <i
                aria-hidden="true"
                className="right chevron icon"
              />
            </button>
          </div>
        </div>
      </div>
    </div>
  </div>
</div>
`;
