// Jest Snapshot v1, https://goo.gl/fbAQLP

exports[`Days full snapshot 1`] = `
<DaysWithoutRouter>
  <div>
    <Component
      isLoading={false}
    />
    <Component
      day={
        Object {
          "day": "Lunes, 18 de Septiembre",
          "gigs": Array [
            Object {
              "address": "BCN",
              "affiliate_url": null,
              "day": "2017-09-18",
              "description": "Coding Stones GigRow",
              "hour": "19:30",
              "id": "123456",
              "image_url": "http://www.zaragoza.es/cont/paginas/actividades/imagen/web_320x480px.png",
              "lat_lng": "41.641851935961654,-0.8751129897638315",
              "place": "SCBCN",
              "price": "",
              "schedule": Array [
                Object {
                  "created_at": "2017-09-07T15:57:35.419Z",
                  "day": "2017-09-18",
                  "gig_id": 5927,
                  "hour": "19:30",
                  "id": 5280,
                  "updated_at": "2017-09-07T15:57:35.419Z",
                },
              ],
              "schedule_id": 5280,
              "slug": "stones",
              "title": "Anarchy in the JS",
            },
            Object {
              "address": "BCN",
              "affiliate_url": null,
              "day": "2017-12-03",
              "description": "Another Coding Stones GigRow",
              "hour": "19:30",
              "id": "2222222",
              "image_url": "http://www.wtf.es/wtf.png",
              "lat_lng": "41.641851935961654,-0.8751129897638315",
              "place": "Around the world",
              "price": "",
              "schedule": Array [
                Object {
                  "created_at": "2017-09-07T15:57:35.419Z",
                  "day": "2017-09-18",
                  "gig_id": 5927,
                  "hour": "19:30",
                  "id": 5280,
                  "updated_at": "2017-09-07T15:57:35.419Z",
                },
              ],
              "schedule_id": 5280,
              "slug": "stones",
              "title": "Anarchy in the Codemotion",
            },
          ],
        }
      }
      key="Lunes, 18 de Septiembre"
      onClick={[Function]}
    >
      <div
        className="gigs"
        key="Lunes, 18 de Septiembre"
      >
        <div
          className="day"
        >
          Lunes, 18 de Septiembre
        </div>
        <Component
          gig={
            Object {
              "address": "BCN",
              "affiliate_url": null,
              "day": "2017-09-18",
              "description": "Coding Stones GigRow",
              "hour": "19:30",
              "id": "123456",
              "image_url": "http://www.zaragoza.es/cont/paginas/actividades/imagen/web_320x480px.png",
              "lat_lng": "41.641851935961654,-0.8751129897638315",
              "place": "SCBCN",
              "price": "",
              "schedule": Array [
                Object {
                  "created_at": "2017-09-07T15:57:35.419Z",
                  "day": "2017-09-18",
                  "gig_id": 5927,
                  "hour": "19:30",
                  "id": 5280,
                  "updated_at": "2017-09-07T15:57:35.419Z",
                },
              ],
              "schedule_id": 5280,
              "slug": "stones",
              "title": "Anarchy in the JS",
            }
          }
          key="123456"
          onClick={[Function]}
        >
          <div
            className="row"
            key="123456"
            onClick={[Function]}
          >
            Anarchy in the JS
            -
            SCBCN
          </div>
        </Component>
        <Component
          gig={
            Object {
              "address": "BCN",
              "affiliate_url": null,
              "day": "2017-12-03",
              "description": "Another Coding Stones GigRow",
              "hour": "19:30",
              "id": "2222222",
              "image_url": "http://www.wtf.es/wtf.png",
              "lat_lng": "41.641851935961654,-0.8751129897638315",
              "place": "Around the world",
              "price": "",
              "schedule": Array [
                Object {
                  "created_at": "2017-09-07T15:57:35.419Z",
                  "day": "2017-09-18",
                  "gig_id": 5927,
                  "hour": "19:30",
                  "id": 5280,
                  "updated_at": "2017-09-07T15:57:35.419Z",
                },
              ],
              "schedule_id": 5280,
              "slug": "stones",
              "title": "Anarchy in the Codemotion",
            }
          }
          key="2222222"
          onClick={[Function]}
        >
          <div
            className="row"
            key="2222222"
            onClick={[Function]}
          >
            Anarchy in the Codemotion
            -
            Around the world
          </div>
        </Component>
      </div>
    </Component>
  </div>
</DaysWithoutRouter>
`;
