// Jest Snapshot v1, https://goo.gl/fbAQLP

exports[`Days full snapshot 1`] = `
<DaysWithoutRouter>
  <div>
    <Component
      isLoading={false}
    />
    <Component
      day={
        Object {
          "day": "Lunes, 18 de Septiembre",
          "gigs": Array [
            Object {
              "address": "BCN",
              "affiliate_url": null,
              "day": "2017-09-18",
              "description": "Coding Stones GigRow",
              "hour": "19:30",
              "id": "123456",
              "image_url": "http://www.zaragoza.es/cont/paginas/actividades/imagen/web_320x480px.png",
              "lat_lng": "41.641851935961654,-0.8751129897638315",
              "place": "SCBCN",
              "price": "",
              "schedule": Array [
                Object {
                  "created_at": "2017-09-07T15:57:35.419Z",
                  "day": "2017-09-18",
                  "gig_id": 5927,
                  "hour": "19:30",
                  "id": 5280,
                  "updated_at": "2017-09-07T15:57:35.419Z",
                },
              ],
              "schedule_id": 5280,
              "slug": "stones",
              "title": "Anarchy in the JS",
            },
            Object {
              "address": "BCN",
              "affiliate_url": null,
              "day": "2017-12-03",
              "description": "Another Coding Stones GigRow",
              "hour": "19:30",
              "id": "2222222",
              "image_url": "http://www.wtf.es/wtf.png",
              "lat_lng": "41.641851935961654,-0.8751129897638315",
              "place": "Around the world",
              "price": "",
              "schedule": Array [
                Object {
                  "created_at": "2017-09-07T15:57:35.419Z",
                  "day": "2017-09-18",
                  "gig_id": 5927,
                  "hour": "19:30",
                  "id": 5280,
                  "updated_at": "2017-09-07T15:57:35.419Z",
                },
              ],
              "schedule_id": 5280,
              "slug": "stones",
              "title": "Anarchy in the Codemotion",
            },
          ],
        }
      }
      key="Lunes, 18 de Septiembre"
      onClick={[Function]}
    >
      <div>
        <Header
          as="h2"
          textAlign="center"
        >
          <h2
            className="ui center aligned header"
          >
            Lunes, 18 de Septiembre
          </h2>
        </Header>
        <SegmentGroup
          raised={true}
        >
          <div
            className="ui raised segments"
          >
            <ItemGroup
              divided={true}
              key="Lunes, 18 de Septiembre"
              link={true}
            >
              <div
                className="ui divided link items"
              >
                <Component
                  gig={
                    Object {
                      "address": "BCN",
                      "affiliate_url": null,
                      "day": "2017-09-18",
                      "description": "Coding Stones GigRow",
                      "hour": "19:30",
                      "id": "123456",
                      "image_url": "http://www.zaragoza.es/cont/paginas/actividades/imagen/web_320x480px.png",
                      "lat_lng": "41.641851935961654,-0.8751129897638315",
                      "place": "SCBCN",
                      "price": "",
                      "schedule": Array [
                        Object {
                          "created_at": "2017-09-07T15:57:35.419Z",
                          "day": "2017-09-18",
                          "gig_id": 5927,
                          "hour": "19:30",
                          "id": 5280,
                          "updated_at": "2017-09-07T15:57:35.419Z",
                        },
                      ],
                      "schedule_id": 5280,
                      "slug": "stones",
                      "title": "Anarchy in the JS",
                    }
                  }
                  key="123456"
                  onClick={[Function]}
                >
                  <Item
                    key="123456"
                    onClick={[Function]}
                  >
                    <div
                      className="item"
                      onClick={[Function]}
                    >
                      <ItemContent>
                        <div
                          className="content"
                        >
                          <ItemHeader
                            as="h3"
                          >
                            <h3
                              className="header"
                            >
                              Anarchy in the JS
                            </h3>
                          </ItemHeader>
                          <ItemDescription>
                            <div
                              className="description"
                            >
                              <Place
                                place="SCBCN"
                              >
                                <span>
                                  <Icon
                                    as="i"
                                    color="red"
                                    name="marker"
                                  >
                                    <i
                                      aria-hidden="true"
                                      className="red marker icon"
                                    />
                                  </Icon>
                                  SCBCN
                                </span>
                              </Place>
                              <span>
                                <Time
                                  hour="19:30"
                                >
                                  <span>
                                    <Icon
                                      as="i"
                                      color="green"
                                      name="time"
                                    >
                                      <i
                                        aria-hidden="true"
                                        className="green time icon"
                                      />
                                    </Icon>
                                    19:30
                                     horas
                                  </span>
                                </Time>
                              </span>
                            </div>
                          </ItemDescription>
                          <ItemExtra>
                            <div
                              className="extra"
                            >
                              <Price
                                price=""
                              />
                              <span />
                              <Likes>
                                <div>
                                  <Button
                                    as="button"
                                    color="red"
                                    content="Like"
                                    icon="heart"
                                    label={
                                      Object {
                                        "basic": true,
                                        "color": "red",
                                        "content": 160,
                                        "pointing": "left",
                                      }
                                    }
                                    onClick={[Function]}
                                    size="mini"
                                  >
                                    <div
                                      className="ui labeled button"
                                      onClick={[Function]}
                                    >
                                      <button
                                        className="ui red mini button"
                                        tabIndex={0}
                                      >
                                        <Icon
                                          as="i"
                                          key="heart"
                                          name="heart"
                                        >
                                          <i
                                            aria-hidden="true"
                                            className="heart icon"
                                          />
                                        </Icon>
                                         
                                        Like
                                      </button>
                                      <Label
                                        basic={true}
                                        color="red"
                                        content={160}
                                        pointing="left"
                                      >
                                        <div
                                          className="ui red left pointing basic label"
                                          onClick={[Function]}
                                        >
                                          160
                                        </div>
                                      </Label>
                                    </div>
                                  </Button>
                                </div>
                              </Likes>
                              <BuyTickets
                                url="any"
                              >
                                <Button
                                  as="button"
                                  floated="right"
                                  onClick={[Function]}
                                  primary={true}
                                >
                                  <button
                                    className="ui primary right floated button"
                                    onClick={[Function]}
                                    role="button"
                                  >
                                    Buy tickets
                                    <Icon
                                      as="i"
                                      name="right chevron"
                                    >
                                      <i
                                        aria-hidden="true"
                                        className="right chevron icon"
                                      />
                                    </Icon>
                                  </button>
                                </Button>
                              </BuyTickets>
                            </div>
                          </ItemExtra>
                        </div>
                      </ItemContent>
                    </div>
                  </Item>
                </Component>
                <Component
                  gig={
                    Object {
                      "address": "BCN",
                      "affiliate_url": null,
                      "day": "2017-12-03",
                      "description": "Another Coding Stones GigRow",
                      "hour": "19:30",
                      "id": "2222222",
                      "image_url": "http://www.wtf.es/wtf.png",
                      "lat_lng": "41.641851935961654,-0.8751129897638315",
                      "place": "Around the world",
                      "price": "",
                      "schedule": Array [
                        Object {
                          "created_at": "2017-09-07T15:57:35.419Z",
                          "day": "2017-09-18",
                          "gig_id": 5927,
                          "hour": "19:30",
                          "id": 5280,
                          "updated_at": "2017-09-07T15:57:35.419Z",
                        },
                      ],
                      "schedule_id": 5280,
                      "slug": "stones",
                      "title": "Anarchy in the Codemotion",
                    }
                  }
                  key="2222222"
                  onClick={[Function]}
                >
                  <Item
                    key="2222222"
                    onClick={[Function]}
                  >
                    <div
                      className="item"
                      onClick={[Function]}
                    >
                      <ItemContent>
                        <div
                          className="content"
                        >
                          <ItemHeader
                            as="h3"
                          >
                            <h3
                              className="header"
                            >
                              Anarchy in the Codemotion
                            </h3>
                          </ItemHeader>
                          <ItemDescription>
                            <div
                              className="description"
                            >
                              <Place
                                place="Around the world"
                              >
                                <span>
                                  <Icon
                                    as="i"
                                    color="red"
                                    name="marker"
                                  >
                                    <i
                                      aria-hidden="true"
                                      className="red marker icon"
                                    />
                                  </Icon>
                                  Around the world
                                </span>
                              </Place>
                              <span>
                                <Time
                                  hour="19:30"
                                >
                                  <span>
                                    <Icon
                                      as="i"
                                      color="green"
                                      name="time"
                                    >
                                      <i
                                        aria-hidden="true"
                                        className="green time icon"
                                      />
                                    </Icon>
                                    19:30
                                     horas
                                  </span>
                                </Time>
                              </span>
                            </div>
                          </ItemDescription>
                          <ItemExtra>
                            <div
                              className="extra"
                            >
                              <Price
                                price=""
                              />
                              <span />
                              <Likes>
                                <div>
                                  <Button
                                    as="button"
                                    color="red"
                                    content="Like"
                                    icon="heart"
                                    label={
                                      Object {
                                        "basic": true,
                                        "color": "red",
                                        "content": 236,
                                        "pointing": "left",
                                      }
                                    }
                                    onClick={[Function]}
                                    size="mini"
                                  >
                                    <div
                                      className="ui labeled button"
                                      onClick={[Function]}
                                    >
                                      <button
                                        className="ui red mini button"
                                        tabIndex={0}
                                      >
                                        <Icon
                                          as="i"
                                          key="heart"
                                          name="heart"
                                        >
                                          <i
                                            aria-hidden="true"
                                            className="heart icon"
                                          />
                                        </Icon>
                                         
                                        Like
                                      </button>
                                      <Label
                                        basic={true}
                                        color="red"
                                        content={236}
                                        pointing="left"
                                      >
                                        <div
                                          className="ui red left pointing basic label"
                                          onClick={[Function]}
                                        >
                                          236
                                        </div>
                                      </Label>
                                    </div>
                                  </Button>
                                </div>
                              </Likes>
                              <BuyTickets
                                url="any"
                              >
                                <Button
                                  as="button"
                                  floated="right"
                                  onClick={[Function]}
                                  primary={true}
                                >
                                  <button
                                    className="ui primary right floated button"
                                    onClick={[Function]}
                                    role="button"
                                  >
                                    Buy tickets
                                    <Icon
                                      as="i"
                                      name="right chevron"
                                    >
                                      <i
                                        aria-hidden="true"
                                        className="right chevron icon"
                                      />
                                    </Icon>
                                  </button>
                                </Button>
                              </BuyTickets>
                            </div>
                          </ItemExtra>
                        </div>
                      </ItemContent>
                    </div>
                  </Item>
                </Component>
              </div>
            </ItemGroup>
          </div>
        </SegmentGroup>
      </div>
    </Component>
  </div>
</DaysWithoutRouter>
`;
